[distill_onpolicy] teacher params=308641 (frozen, loaded read-only)
event=start n_params=308641 args={'T': 50, 'base_nfe': 32, 'pool_size': 4096, 'pool_batch': 512, 'pool_seed': 999, 'batch_size': 64, 'lr': 0.0002, 'round_budget_sec': 300.0, 'round_max_steps': 4000, 'train_seed': 101, 'n_eval': 64, 'eval_seed': 12345}
[distill_onpolicy] generating on-policy pool: pool_size=4096 batch=512 ...
[distill_onpolicy] pool built in 44.3s (8 rollout batches, 16 pair-slots, sizes=[4096, 4096, 4096]...)
event=pool_done elapsed_sec=44.3 pool_size=4096 n_pair_slots=16 n_rollout_batches=8
[distill_onpolicy] training round 1 (32->16, on-policy): budget=300.0s max_steps=4000
event=step round=1 step=0 loss=2.672817 avg_loss_50=2.672817 elapsed_sec=0.3
event=step round=1 step=20 loss=1.205118 avg_loss_50=1.615892 elapsed_sec=5.8
event=step round=1 step=40 loss=1.072939 avg_loss_50=1.349796 elapsed_sec=11.4
event=step round=1 step=60 loss=0.843482 avg_loss_50=1.057092 elapsed_sec=17.3
event=step round=1 step=80 loss=0.864229 avg_loss_50=0.900893 elapsed_sec=23.0
event=step round=1 step=100 loss=0.570324 avg_loss_50=0.785999 elapsed_sec=28.7
event=step round=1 step=120 loss=0.587548 avg_loss_50=0.700036 elapsed_sec=34.9
event=step round=1 step=140 loss=0.519201 avg_loss_50=0.616802 elapsed_sec=40.5
event=step round=1 step=160 loss=0.460382 avg_loss_50=0.546274 elapsed_sec=46.4
event=step round=1 step=180 loss=0.429095 avg_loss_50=0.494241 elapsed_sec=52.3
event=step round=1 step=200 loss=0.400527 avg_loss_50=0.443802 elapsed_sec=57.8
event=step round=1 step=220 loss=0.374906 avg_loss_50=0.42108 elapsed_sec=63.6
event=step round=1 step=240 loss=0.314705 avg_loss_50=0.390905 elapsed_sec=69.3
event=step round=1 step=260 loss=0.292225 avg_loss_50=0.368717 elapsed_sec=75.2
event=step round=1 step=280 loss=0.311896 avg_loss_50=0.363424 elapsed_sec=81.2
event=step round=1 step=300 loss=0.215992 avg_loss_50=0.342991 elapsed_sec=87.0
event=step round=1 step=320 loss=0.215717 avg_loss_50=0.321567 elapsed_sec=93.0
event=step round=1 step=340 loss=0.371852 avg_loss_50=0.318573 elapsed_sec=98.6
event=step round=1 step=360 loss=0.282815 avg_loss_50=0.313445 elapsed_sec=104.2
event=step round=1 step=380 loss=0.265343 avg_loss_50=0.295818 elapsed_sec=110.0
event=step round=1 step=400 loss=0.383907 avg_loss_50=0.277315 elapsed_sec=115.4
event=step round=1 step=420 loss=0.270142 avg_loss_50=0.257765 elapsed_sec=121.2
event=step round=1 step=440 loss=0.18855 avg_loss_50=0.253128 elapsed_sec=126.7
event=step round=1 step=460 loss=0.320669 avg_loss_50=0.256474 elapsed_sec=132.2
event=step round=1 step=480 loss=0.166986 avg_loss_50=0.255049 elapsed_sec=137.7
event=step round=1 step=500 loss=0.226864 avg_loss_50=0.250304 elapsed_sec=143.2
event=step round=1 step=520 loss=0.211314 avg_loss_50=0.237535 elapsed_sec=148.5
event=step round=1 step=540 loss=0.168259 avg_loss_50=0.22596 elapsed_sec=153.9
event=step round=1 step=560 loss=0.233764 avg_loss_50=0.220467 elapsed_sec=159.6
event=step round=1 step=580 loss=0.162704 avg_loss_50=0.216218 elapsed_sec=165.1
event=step round=1 step=600 loss=0.249754 avg_loss_50=0.216302 elapsed_sec=170.8
event=step round=1 step=620 loss=0.247235 avg_loss_50=0.203747 elapsed_sec=176.6
event=step round=1 step=640 loss=0.12991 avg_loss_50=0.199942 elapsed_sec=182.9
event=step round=1 step=660 loss=0.194919 avg_loss_50=0.191378 elapsed_sec=188.6
event=step round=1 step=680 loss=0.227566 avg_loss_50=0.190923 elapsed_sec=194.2
event=step round=1 step=700 loss=0.115427 avg_loss_50=0.199128 elapsed_sec=200.1
event=step round=1 step=720 loss=0.237666 avg_loss_50=0.189433 elapsed_sec=205.6
event=step round=1 step=740 loss=0.220893 avg_loss_50=0.1823 elapsed_sec=210.8
event=step round=1 step=760 loss=0.218874 avg_loss_50=0.178176 elapsed_sec=216.2
event=step round=1 step=780 loss=0.205783 avg_loss_50=0.178841 elapsed_sec=221.8
event=step round=1 step=800 loss=0.1289 avg_loss_50=0.17431 elapsed_sec=227.4
event=step round=1 step=820 loss=0.169739 avg_loss_50=0.176033 elapsed_sec=233.0
event=step round=1 step=840 loss=0.161465 avg_loss_50=0.172735 elapsed_sec=238.6
event=step round=1 step=860 loss=0.165487 avg_loss_50=0.163826 elapsed_sec=244.1
event=step round=1 step=880 loss=0.125991 avg_loss_50=0.161741 elapsed_sec=249.8
event=step round=1 step=900 loss=0.102343 avg_loss_50=0.158082 elapsed_sec=255.6
event=step round=1 step=920 loss=0.128448 avg_loss_50=0.149133 elapsed_sec=261.1
event=step round=1 step=940 loss=0.103479 avg_loss_50=0.144679 elapsed_sec=267.0
event=step round=1 step=960 loss=0.140214 avg_loss_50=0.143979 elapsed_sec=273.0
event=step round=1 step=980 loss=0.100808 avg_loss_50=0.144538 elapsed_sec=278.9
event=step round=1 step=1000 loss=0.096461 avg_loss_50=0.140441 elapsed_sec=284.4
event=step round=1 step=1020 loss=0.136027 avg_loss_50=0.140833 elapsed_sec=290.1
event=step round=1 step=1040 loss=0.076344 avg_loss_50=0.138702 elapsed_sec=295.5
event=round_done round=1 steps=1059 elapsed_sec=300.3 final_avg_loss=0.133222 old_nfe=32 new_nfe=16
[distill_onpolicy] training done: {'steps': 1059, 'elapsed_sec': 300.28572487831116, 'final_avg_loss': 0.13322188064455986}
[distill_onpolicy] TOTAL on-policy run wall-clock (pool + train): 345.6s (5.76 min)
event=onpolicy_run_done pool_elapsed_sec=44.3 train_elapsed_sec=300.3 total_elapsed_sec=345.6
[distill_onpolicy] teacher (32-step): {"nfe": 32, "wall_clock_sec": 0.5809693336486816, "wall_clock_sec_per_sample": 0.00907764583826065, "own_quality_mean_top1_conf": 0.8390488624572754, "own_quality_mean_entropy": 0.44667163491249084, "trajectory_pixel_mse_vs_teacher32": 0.0, "trajectory_classifier_l2_vs_teacher32": 0.0, "trajectory_classifier_kl_vs_teacher32": 0.0, "pred_class_histogram": {"1": 1, "2": 13, "3": 11, "4": 3, "5": 15, "7": 1, "8": 20}, "population_class_entropy_nats": 1.603376442712807, "frac_samples_in_majority_class": 0.3125}
[distill_onpolicy] baseline data-marginal (16-step, reused repro checkpoint): {"nfe": 16, "wall_clock_sec": 0.2341456413269043, "wall_clock_sec_per_sample": 0.0036585256457328796, "own_quality_mean_top1_conf": 0.8624060750007629, "own_quality_mean_entropy": 0.5415927171707153, "trajectory_pixel_mse_vs_teacher32": 0.927733838558197, "trajectory_classifier_l2_vs_teacher32": 0.9869762063026428, "trajectory_classifier_kl_vs_teacher32": 2.935866594314575, "pred_class_histogram": {"8": 64}, "population_class_entropy_nats": 0.0, "frac_samples_in_majority_class": 1.0}
[distill_onpolicy] on-policy (16-step, this run): {"nfe": 16, "wall_clock_sec": 0.2621119022369385, "wall_clock_sec_per_sample": 0.004095498472452164, "own_quality_mean_top1_conf": 0.8734102845191956, "own_quality_mean_entropy": 0.5351766347885132, "trajectory_pixel_mse_vs_teacher32": 1.2700605392456055, "trajectory_classifier_l2_vs_teacher32": 0.9900023341178894, "trajectory_classifier_kl_vs_teacher32": 2.9845688343048096, "train_steps": 1059, "train_elapsed_sec": 300.28572487831116, "train_final_avg_loss": 0.13322188064455986, "pool_gen_elapsed_sec": 44.26786208152771, "pool_size": 4096, "pred_class_histogram": {"8": 64}, "population_class_entropy_nats": 0.0, "frac_samples_in_majority_class": 1.0}
[distill_onpolicy] DONE. wrote /home/user/fluffy-octo-journey/component-3-adaptive-distill/extension/src/../logs/results.json
